// Jest Snapshot v1, https://goo.gl/fbAQLP

exports[`Button Should match snapshot 1`] = `
<button
  class="Button-sc-1chh247-0 eOzvOL"
  disabled=""
>
  Click me
</button>
`;
