// Jest Snapshot v1, https://goo.gl/fbAQLP

exports[`Avatar Should match snapshot 1`] = `
<img
  alt="avatar"
  class="c-hutZiQ"
  data-nimg="intrinsic"
  decoding="async"
  src="data:image/gif;base64,R0lGODlhAQABAIAAAAAAAP///yH5BAEAAAAALAAAAAABAAEAAAIBRAA7"
  style="position: absolute; top: 0px; left: 0px; bottom: 0px; right: 0px; box-sizing: border-box; padding: 0px; margin: auto; display: block; width: 0px; height: 0px; min-width: 100%; max-width: 100%; min-height: 100%; max-height: 100%;"
/>
`;
